<html>
<body>
<pre>
<h1>µVision Build Log</h1>
<h2>Project:</h2>
E:\ARM_MINI_PROJ1\medition_mini.uvproj
Project File Date:  03/04/2026

<h2>Output:</h2>
Rebuild target 'Target 1'
assembling Startup.s...
compiling delay.c...
compiling lcd.c...
compiling main.c...
compiling keypad.c...
compiling buzzer.c...
compiling display_time.c...
compiling rtc.c...
compiling setup_MeditionAdd.c...
compiling time_check.c...
linking...
Program Size: Code=8280 RO-data=88 RW-data=152 ZI-data=1256  
FromELF: creating hex file...
".\medition_mini.axf" - 0 Error(s), 0 Warning(s).
</pre>
</body>
</html>
